# product

plugin@com.yoursway.ide-product=CVS,HEAD,:pserver:builder@dottedmag.net:/opt/cvs/yoursway,eep%ief0aiJ4yoo,

# features

feature@com.yoursway.ide.feature=CVS,HEAD,:pserver:builder@dottedmag.net:/opt/cvs/yoursway,eep%ief0aiJ4yoo,com.yoursway.ide-feature
feature@com.yoursway.ide.debug.feature=CVS,HEAD,:pserver:builder@dottedmag.net:/opt/cvs/yoursway,eep%ief0aiJ4yoo,com.yoursway.ide.debug-feature

# our plugins

plugin@com.yoursway.common.utilities=CVS,HEAD,:pserver:builder@dottedmag.net:/opt/cvs/yoursway,eep%ief0aiJ4yoo,
plugin@com.yoursway.common.utilities.osx=CVS,HEAD,:pserver:builder@dottedmag.net:/opt/cvs/yoursway,eep%ief0aiJ4yoo,
plugin@com.yoursway.common.utilities.win32=CVS,HEAD,:pserver:builder@dottedmag.net:/opt/cvs/yoursway,eep%ief0aiJ4yoo,
plugin@com.yoursway.common.utilities.lnx=CVS,HEAD,:pserver:builder@dottedmag.net:/opt/cvs/yoursway,eep%ief0aiJ4yoo,
plugin@com.yoursway.ide.ui=CVS,HEAD,:pserver:builder@dottedmag.net:/opt/cvs/yoursway,eep%ief0aiJ4yoo,
plugin@org.jvyaml=CVS,HEAD,:pserver:builder@dottedmag.net:/opt/cvs/yoursway,eep%ief0aiJ4yoo,

# requisites

feature@org.eclipse.dltk.core=COPY,/home/ftp/dltk/repository/org.eclipse.dltk/core/features,org.eclipse.dltk.core-feature

plugin@org.eclipse.dltk=COPY,/home/ftp/dltk/repository/org.eclipse.dltk/core/plugins
plugin@org.eclipse.dltk.core=COPY,/home/ftp/dltk/repository/org.eclipse.dltk/core/plugins
plugin@org.eclipse.dltk.ui=COPY,/home/ftp/dltk/repository/org.eclipse.dltk/core/plugins
plugin@org.eclipse.dltk.debug=COPY,/home/ftp/dltk/repository/org.eclipse.dltk/core/plugins
plugin@org.eclipse.dltk.debug.ui=COPY,/home/ftp/dltk/repository/org.eclipse.dltk/core/plugins
plugin@org.eclipse.dltk.launching=COPY,/home/ftp/dltk/repository/org.eclipse.dltk/core/plugins
plugin@org.eclipse.dltk.console=COPY,/home/ftp/dltk/repository/org.eclipse.dltk/core/plugins
plugin@org.eclipse.dltk.console.ui=COPY,/home/ftp/dltk/repository/org.eclipse.dltk/core/plugins
plugin@org.eclipse.dltk.validators.core=COPY,/home/ftp/dltk/repository/org.eclipse.dltk/core/plugins
plugin@org.eclipse.dltk.validators.ui=COPY,/home/ftp/dltk/repository/org.eclipse.dltk/core/plugins

feature@org.eclipse.dltk.ruby=COPY,/home/ftp/dltk/repository/org.eclipse.dltk/ruby/features,org.eclipse.dltk.ruby-feature
plugin@org.eclipse.dltk.ruby=COPY,/home/ftp/dltk/repository/org.eclipse.dltk/ruby/plugins
plugin@org.eclipse.dltk.ruby.core=COPY,/home/ftp/dltk/repository/org.eclipse.dltk/ruby/plugins
plugin@org.eclipse.dltk.ruby.ui=COPY,/home/ftp/dltk/repository/org.eclipse.dltk/ruby/plugins
plugin@org.eclipse.dltk.ruby.launching=COPY,/home/ftp/dltk/repository/org.eclipse.dltk/ruby/plugins
plugin@org.eclipse.dltk.ruby.debug.ui=COPY,/home/ftp/dltk/repository/org.eclipse.dltk/ruby/plugins
plugin@org.eclipse.dltk.ruby.debug=COPY,/home/ftp/dltk/repository/org.eclipse.dltk/ruby/plugins

plugin@com.yoursway.dltk.patch=CVS,HEAD,:pserver:builder@dottedmag.net:/opt/cvs/yoursway,eep%ief0aiJ4yoo,

