feature@com.yoursway.ide.feature=CVS,tag=HEAD,cvsRoot=:pserver:builder@dottedmag.net:/opt/cvs/yoursway,password=eep%ief0aiJ4yoo,

plugin@com.yoursway.common.utilities=CVS,tag=HEAD,cvsRoot=:pserver:builder@dottedmag.net:/opt/cvs/yoursway,password=eep%ief0aiJ4yoo,
plugin@com.yoursway.ide.ui=CVS,tag=HEAD,cvsRoot=:pserver:builder@dottedmag.net:/opt/cvs/yoursway,password=eep%ief0aiJ4yoo,
plugin@org.jvyaml=CVS,tag=HEAD,cvsRoot=:pserver:builder@dottedmag.net:/opt/cvs/yoursway,password=eep%ief0aiJ4yoo,

feature@org.eclipse.dltk.core=COPY,/home/ftp/dltk/repository/org.eclipse.dltk/core/features,org.eclipse.dltk.core-feature
feature@org.eclipse.dltk.ruby=COPY,/home/ftp/dltk/repository/org.eclipse.dltk/ruby/features,org.eclipse.dltk.ruby-feature

plugin@org.eclipse.dltk.ruby.core=COPY,/home/ftp/dltk/repository/org.eclipse.dltk/ruby/plugins
plugin@org.eclipse.dltk.core=COPY,/home/ftp/dltk/repository/org.eclipse.dltk/ruby/plugins
plugin@org.eclipse.dltk.ui,/home/ftp/dltk/repository/org.eclipse.dltk/ruby/plugins
plugin@org.eclipse.dltk.debug,/home/ftp/dltk/repository/org.eclipse.dltk/ruby/plugins
plugin@org.eclipse.dltk.debug.ui,/home/ftp/dltk/repository/org.eclipse.dltk/ruby/plugins
plugin@org.eclipse.dltk.launching,/home/ftp/dltk/repository/org.eclipse.dltk/ruby/plugins
plugin@org.eclipse.dltk.console,/home/ftp/dltk/repository/org.eclipse.dltk/ruby/plugins
plugin@org.eclipse.dltk.console.ui,/home/ftp/dltk/repository/org.eclipse.dltk/ruby/plugins
plugin@org.eclipse.dltk.validators.core,/home/ftp/dltk/repository/org.eclipse.dltk/ruby/plugins
plugin@org.eclipse.dltk.validators.ui,/home/ftp/dltk/repository/org.eclipse.dltk/ruby/plugins

